Flow report for t1c_riscv_cpu
Fri Nov  7 01:02:31 2025
Quartus Prime Version 20.1.0 Build 711 06/05/2020 SJ Lite Edition


---------------------
; Table of Contents ;
---------------------
  1. Legal Notice
  2. Flow Summary
  3. Flow Settings
  4. Flow Non-Default Global Settings
  5. Flow Elapsed Time
  6. Flow OS Summary
  7. Flow Log
  8. Flow Messages
  9. Flow Suppressed Messages



----------------
; Legal Notice ;
----------------
Copyright (C) 2020  Intel Corporation. All rights reserved.
Your use of Intel Corporation's design tools, logic functions 
and other software and tools, and any partner logic 
functions, and any output files from any of the foregoing 
(including device programming or simulation files), and any 
associated documentation or information are expressly subject 
to the terms and conditions of the Intel Program License 
Subscription Agreement, the Intel Quartus Prime License Agreement,
the Intel FPGA IP License Agreement, or other applicable license
agreement, including, without limitation, that your use is for
the sole purpose of programming logic devices manufactured by
Intel and sold by Intel or its authorized distributors.  Please
refer to the applicable agreement for further details, at
https://fpgasoftware.intel.com/eula.



+-------------------------------------------------------------------------------+
; Flow Summary                                                                  ;
+---------------------------------+---------------------------------------------+
; Flow Status                     ; Successful - Fri Nov  7 01:02:31 2025       ;
; Quartus Prime Version           ; 20.1.0 Build 711 06/05/2020 SJ Lite Edition ;
; Revision Name                   ; t1c_riscv_cpu                               ;
; Top-level Entity Name           ; t1c_riscv_cpu                               ;
; Family                          ; Cyclone V                                   ;
; Device                          ; 5CGXFC7D6F27I7                              ;
; Timing Models                   ; Final                                       ;
; Logic utilization (in ALMs)     ; 4,334 / 56,480 ( 8 % )                      ;
; Total registers                 ; 3117                                        ;
; Total pins                      ; 228 / 378 ( 60 % )                          ;
; Total virtual pins              ; 0                                           ;
; Total block memory bits         ; 0 / 7,024,640 ( 0 % )                       ;
; Total DSP Blocks                ; 2 / 156 ( 1 % )                             ;
; Total HSSI RX PCSs              ; 0 / 9 ( 0 % )                               ;
; Total HSSI PMA RX Deserializers ; 0 / 9 ( 0 % )                               ;
; Total HSSI TX PCSs              ; 0 / 9 ( 0 % )                               ;
; Total HSSI PMA TX Serializers   ; 0 / 9 ( 0 % )                               ;
; Total PLLs                      ; 0 / 16 ( 0 % )                              ;
; Total DLLs                      ; 0 / 4 ( 0 % )                               ;
+---------------------------------+---------------------------------------------+


+-----------------------------------------+
; Flow Settings                           ;
+-------------------+---------------------+
; Option            ; Setting             ;
+-------------------+---------------------+
; Start date & time ; 11/07/2025 00:56:55 ;
; Main task         ; Compilation         ;
; Revision Name     ; t1c_riscv_cpu       ;
+-------------------+---------------------+


+-------------------------------------------------------------------------------------------------------------------------------------------------+
; Flow Non-Default Global Settings                                                                                                                ;
+--------------------------------------+----------------------------------------+---------------+-------------+-----------------------------------+
; Assignment Name                      ; Value                                  ; Default Value ; Entity Name ; Section Id                        ;
+--------------------------------------+----------------------------------------+---------------+-------------+-----------------------------------+
; COMPILER_SIGNATURE_ID                ; 256165217441163.176245721545018        ; --            ; --          ; --                                ;
; EDA_DESIGN_INSTANCE_NAME             ; NA                                     ; --            ; --          ; tb                                ;
; EDA_DESIGN_INSTANCE_NAME             ; NA                                     ; --            ; --          ; tb_1                              ;
; EDA_GENERATE_FUNCTIONAL_NETLIST      ; Off                                    ; --            ; --          ; eda_board_design_timing           ;
; EDA_GENERATE_FUNCTIONAL_NETLIST      ; Off                                    ; --            ; --          ; eda_board_design_boundary_scan    ;
; EDA_GENERATE_FUNCTIONAL_NETLIST      ; Off                                    ; --            ; --          ; eda_board_design_signal_integrity ;
; EDA_GENERATE_FUNCTIONAL_NETLIST      ; Off                                    ; --            ; --          ; eda_board_design_symbol           ;
; EDA_NATIVELINK_SIMULATION_TEST_BENCH ; tb                                     ; --            ; --          ; eda_simulation                    ;
; EDA_OUTPUT_DATA_FORMAT               ; Verilog Hdl                            ; --            ; --          ; eda_simulation                    ;
; EDA_SIMULATION_TOOL                  ; ModelSim-Altera (Verilog)              ; <None>        ; --          ; --                                ;
; EDA_TEST_BENCH_ENABLE_STATUS         ; TEST_BENCH_MODE                        ; --            ; --          ; eda_simulation                    ;
; EDA_TEST_BENCH_FILE                  ; .test/tb.v                             ; --            ; --          ; tb                                ;
; EDA_TEST_BENCH_FILE                  ; .test/tb_1.v                           ; --            ; --          ; tb_1                              ;
; EDA_TEST_BENCH_MODULE_NAME           ; tb                                     ; --            ; --          ; tb                                ;
; EDA_TEST_BENCH_MODULE_NAME           ; tb_1                                   ; --            ; --          ; tb_1                              ;
; EDA_TEST_BENCH_NAME                  ; tb                                     ; --            ; --          ; eda_simulation                    ;
; EDA_TEST_BENCH_NAME                  ; tb_1                                   ; --            ; --          ; eda_simulation                    ;
; EDA_TEST_BENCH_RUN_SIM_FOR           ; 2000 ns                                ; --            ; --          ; tb                                ;
; EDA_TIME_SCALE                       ; 1 ps                                   ; --            ; --          ; eda_simulation                    ;
; MAX_CORE_JUNCTION_TEMP               ; 85                                     ; --            ; --          ; --                                ;
; MIN_CORE_JUNCTION_TEMP               ; 0                                      ; --            ; --          ; --                                ;
; PARTITION_COLOR                      ; -- (Not supported for targeted family) ; --            ; --          ; Top                               ;
; PARTITION_FITTER_PRESERVATION_LEVEL  ; -- (Not supported for targeted family) ; --            ; --          ; Top                               ;
; PARTITION_NETLIST_TYPE               ; -- (Not supported for targeted family) ; --            ; --          ; Top                               ;
; POWER_BOARD_THERMAL_MODEL            ; None (CONSERVATIVE)                    ; --            ; --          ; --                                ;
; POWER_PRESET_COOLING_SOLUTION        ; 23 MM HEAT SINK WITH 200 LFPM AIRFLOW  ; --            ; --          ; --                                ;
; PROJECT_OUTPUT_DIRECTORY             ; output_files                           ; --            ; --          ; --                                ;
+--------------------------------------+----------------------------------------+---------------+-------------+-----------------------------------+


+--------------------------------------------------------------------------------------------------------------------------+
; Flow Elapsed Time                                                                                                        ;
+----------------------+--------------+-------------------------+---------------------+------------------------------------+
; Module Name          ; Elapsed Time ; Average Processors Used ; Peak Virtual Memory ; Total CPU Time (on all processors) ;
+----------------------+--------------+-------------------------+---------------------+------------------------------------+
; Analysis & Synthesis ; 00:00:19     ; 1.0                     ; 595 MB              ; 00:00:28                           ;
; Fitter               ; 00:03:46     ; 1.3                     ; 2574 MB             ; 00:09:15                           ;
; Assembler            ; 00:00:07     ; 1.0                     ; 561 MB              ; 00:00:07                           ;
; Timing Analyzer      ; 00:01:16     ; 4.0                     ; 1636 MB             ; 00:02:03                           ;
; EDA Netlist Writer   ; 00:00:02     ; 1.0                     ; 748 MB              ; 00:00:02                           ;
; Total                ; 00:05:30     ; --                      ; --                  ; 00:11:55                           ;
+----------------------+--------------+-------------------------+---------------------+------------------------------------+


+----------------------------------------------------------------------------------------+
; Flow OS Summary                                                                        ;
+----------------------+------------------+----------------+------------+----------------+
; Module Name          ; Machine Hostname ; OS Name        ; OS Version ; Processor type ;
+----------------------+------------------+----------------+------------+----------------+
; Analysis & Synthesis ; maruthi          ; Ubuntu 22.04.5 ; 22         ; x86_64         ;
; Fitter               ; maruthi          ; Ubuntu 22.04.5 ; 22         ; x86_64         ;
; Assembler            ; maruthi          ; Ubuntu 22.04.5 ; 22         ; x86_64         ;
; Timing Analyzer      ; maruthi          ; Ubuntu 22.04.5 ; 22         ; x86_64         ;
; EDA Netlist Writer   ; maruthi          ; Ubuntu 22.04.5 ; 22         ; x86_64         ;
+----------------------+------------------+----------------+------------+----------------+


------------
; Flow Log ;
------------
quartus_map --read_settings_files=on --write_settings_files=off t1c_riscv_cpu -c t1c_riscv_cpu
quartus_fit --read_settings_files=off --write_settings_files=off t1c_riscv_cpu -c t1c_riscv_cpu
quartus_asm --read_settings_files=off --write_settings_files=off t1c_riscv_cpu -c t1c_riscv_cpu
quartus_sta t1c_riscv_cpu -c t1c_riscv_cpu
quartus_eda --read_settings_files=off --write_settings_files=off t1c_riscv_cpu -c t1c_riscv_cpu



